// Jest Snapshot v1, https://goo.gl/fbAQLP

exports[`Card: simple render test 1`] = `
<div
  className="card"
>
  <p>
    middle skin live grabbed daughter wish page apart influence breathing which friendly getting laid difficulty cut specific curious indeed third coat right forty shorter
  </p>
  <p>
    middle skin live grabbed daughter wish page apart influence breathing which friendly getting laid difficulty cut specific curious indeed third coat right forty shorter
  </p>
</div>
`;
